--------------------------------------------------------------------------------------
Timing Analyzer Summary
--------------------------------------------------------------------------------------

Type           : Worst-case tsu
Slack          : N/A
Required Time  : None
Actual Time    : 14.255 ns
From           : reset
To             : div:inst31|hiDiv[8]
From Clock     : --
To Clock       : clk
Failed Paths   : 0

Type           : Worst-case tco
Slack          : N/A
Required Time  : None
Actual Time    : 19.515 ns
From           : aluSrcA:inst|aluSrcAOut[0]
To             : sltOut
From Clock     : clk
To Clock       : --
Failed Paths   : 0

Type           : Worst-case tpd
Slack          : N/A
Required Time  : None
Actual Time    : 6.825 ns
From           : reset
To             : resetD2
From Clock     : --
To Clock       : --
Failed Paths   : 0

Type           : Worst-case th
Slack          : N/A
Required Time  : None
Actual Time    : -2.168 ns
From           : reset
To             : unidadeControle:inst25|alucontrol[1]
From Clock     : --
To Clock       : clk
Failed Paths   : 0

Type           : Clock Setup: 'clk'
Slack          : N/A
Required Time  : None
Actual Time    : 39.23 MHz ( period = 25.490 ns )
From           : aluSrcA:inst|aluSrcAOut[0]
To             : Registrador:PC|Saida[27]
From Clock     : clk
To Clock       : clk
Failed Paths   : 0

Type           : Clock Hold: 'clk'
Slack          : Not operational: Clock Skew > Data Delay
Required Time  : None
Actual Time    : N/A
From           : Registrador:EPC|Saida[4]
To             : pcSource:inst16|pcSourceOut[4]
From Clock     : clk
To Clock       : clk
Failed Paths   : 1836

Type           : Total number of failed paths
Slack          : 
Required Time  : 
Actual Time    : 
From           : 
To             : 
From Clock     : 
To Clock       : 
Failed Paths   : 1836

--------------------------------------------------------------------------------------

