--------------------------------------------------------------------------------------
Timing Analyzer Summary
--------------------------------------------------------------------------------------

Type           : Worst-case tsu
Slack          : N/A
Required Time  : None
Actual Time    : 14.582 ns
From           : reset
To             : div:inst31|loDiv[29]
From Clock     : --
To Clock       : clk
Failed Paths   : 0

Type           : Worst-case tco
Slack          : N/A
Required Time  : None
Actual Time    : 20.661 ns
From           : aluSrcA:inst|aluSrcAOut[4]
To             : aluresult[31]
From Clock     : clk
To Clock       : --
Failed Paths   : 0

Type           : Worst-case tpd
Slack          : N/A
Required Time  : None
Actual Time    : 7.196 ns
From           : reset
To             : resetD2
From Clock     : --
To Clock       : --
Failed Paths   : 0

Type           : Worst-case th
Slack          : N/A
Required Time  : None
Actual Time    : -2.097 ns
From           : reset
To             : unidadeControle:inst25|stateOut[2]
From Clock     : --
To Clock       : clk
Failed Paths   : 0

Type           : Clock Setup: 'clk'
Slack          : N/A
Required Time  : None
Actual Time    : 35.90 MHz ( period = 27.854 ns )
From           : aluSrcA:inst|aluSrcAOut[4]
To             : Registrador:PC|Saida[21]
From Clock     : clk
To Clock       : clk
Failed Paths   : 0

Type           : Clock Hold: 'clk'
Slack          : Not operational: Clock Skew > Data Delay
Required Time  : None
Actual Time    : N/A
From           : Registrador:PC|Saida[9]
To             : aluSrcA:inst|aluSrcAOut[9]
From Clock     : clk
To Clock       : clk
Failed Paths   : 1689

Type           : Total number of failed paths
Slack          : 
Required Time  : 
Actual Time    : 
From           : 
To             : 
From Clock     : 
To Clock       : 
Failed Paths   : 1689

--------------------------------------------------------------------------------------

